// Jest Snapshot v1, https://goo.gl/fbAQLP

exports[`EditorHeader component renders as expected 1`] = `
<DocumentFragment>
  <div
    class="creation-view-yaml-header"
  >
    <div
      class="creation-view-yaml-header-toolbar"
      role="region"
    />
  </div>
</DocumentFragment>
`;
