// Jest Snapshot v1, https://goo.gl/fbAQLP

exports[`YamlEditor renders as expected 1`] = `
<DocumentFragment>
  <div
    class="yamlEditorContainer"
    style="display: block; min-height: 100px;"
  />
</DocumentFragment>
`;
