// Jest Snapshot v1, https://goo.gl/fbAQLP

exports[`ControlPanelPrompt component renders as expected 1`] = `null`;
