// Jest Snapshot v1, https://goo.gl/fbAQLP

exports[`ControlPanelTextArea component renders as expected 1`] = `
<div
  className="creation-view-controls-textarea"
>
  <div
    className="creation-view-controls-textarea-title"
  >
    creation.app.name
    <div
      className="bx--tooltip__label"
    >
      
      <div
        aria-expanded={false}
        aria-haspopup="true"
        aria-label="tooltip"
        className="bx--tooltip__trigger"
        id=""
        onBlur={[Function]}
        onClick={[Function]}
        onFocus={[Function]}
        onKeyDown={[Function]}
        onMouseOut={[Function]}
        onMouseOver={[Function]}
        role="button"
        tabIndex={0}
        title=""
      >
        <svg
          alt="tooltip"
          aria-label="tooltip"
          className={undefined}
          fill={undefined}
          fillRule="evenodd"
          height="16"
          name={undefined}
          role="img"
          style={undefined}
          viewBox="0 0 16 16"
          width="16"
        >
          <title>
            
          </title>
          <path
            d="M8,14.5 C11.5898509,14.5 14.5,11.5898509 14.5,8 C14.5,4.41014913 11.5898509,1.5 8,1.5 C4.41014913,1.5 1.5,4.41014913 1.5,8 C1.5,11.5898509 4.41014913,14.5 8,14.5 Z M8,16 C3.581722,16 0,12.418278 0,8 C0,3.581722 3.581722,0 8,0 C12.418278,0 16,3.581722 16,8 C16,12.418278 12.418278,16 8,16 Z"
          />
          <polygon
            points="9 13 7 13 7 7 9 7"
          />
          <circle
            cx="8"
            cy="4"
            r="1"
          />
        </svg>
      </div>
    </div>
  </div>
  <div
    className="bx--form-item"
  >
    <textarea
      aria-describedby={null}
      aria-invalid={null}
      autoComplete="new-password"
      className="bx--text-area"
      cols={50}
      data-invalid={null}
      disabled={false}
      id="controlId"
      onChange={[Function]}
      onClick={[Function]}
      placeholder=""
      rows={4}
      spellCheck={false}
      value="test"
    />
  </div>
</div>
`;
